#
# There is insufficient memory for the Java Runtime Environment to continue.
# Native memory allocation (malloc) failed to allocate 1477936 bytes. Error detail: Chunk::new
# Possible reasons:
#   The system is out of physical RAM or swap space
#   This process is running with CompressedOops enabled, and the Java Heap may be blocking the growth of the native heap
# Possible solutions:
#   Reduce memory load on the system
#   Increase physical memory or swap space
#   Check if swap backing store is full
#   Decrease Java heap size (-Xmx/-Xms)
#   Decrease number of Java threads
#   Decrease Java thread stack sizes (-Xss)
#   Set larger code cache with -XX:ReservedCodeCacheSize=
#   JVM is running with Unscaled Compressed Oops mode in which the Java heap is
#     placed in the first 4GB address space. The Java Heap base address is the
#     maximum limit for the native heap growth. Please use -XX:HeapBaseMinAddress
#     to set the Java Heap base and to place the Java Heap above 4GB virtual address.
# This output file may be truncated or incomplete.
#
#  Out of Memory Error (arena.cpp:168), pid=19708, tid=30772
#
# JRE version: OpenJDK Runtime Environment Temurin-21.0.10+7 (21.0.10+7) (build 21.0.10+7-LTS)
# Java VM: OpenJDK 64-Bit Server VM Temurin-21.0.10+7 (21.0.10+7-LTS, mixed mode, sharing, tiered, compressed oops, compressed class ptrs, parallel gc, windows-amd64)
# No core dump will be written. Minidumps are not enabled by default on client versions of Windows
#

---------------  S U M M A R Y ------------

Command Line: --add-modules=ALL-SYSTEM --add-opens=java.base/java.util=ALL-UNNAMED --add-opens=java.base/java.lang=ALL-UNNAMED --add-opens=java.base/sun.nio.fs=ALL-UNNAMED -Declipse.application=org.eclipse.jdt.ls.core.id1 -Dosgi.bundles.defaultStartLevel=4 -Declipse.product=org.eclipse.jdt.ls.core.product -Djava.import.generatesMetadataFilesAtProjectRoot=false -DDetectVMInstallationsJob.disabled=true -Dfile.encoding=utf8 -XX:+UseParallelGC -XX:GCTimeRatio=4 -XX:AdaptiveSizePolicyWeight=90 -Dsun.zip.disableMemoryMapping=true -Xmx2G -Xms100m -Xlog:disable -javaagent:c:\Users\hbj\.vscode\extensions\redhat.java-1.53.0-win32-x64\lombok\lombok-1.18.39-4050.jar -XX:+HeapDumpOnOutOfMemoryError -XX:HeapDumpPath=c:\Users\hbj\AppData\Roaming\Code\User\workspaceStorage\17d2b9c7fa0ea607dbcfe76e38ce816b\redhat.java -Daether.dependencyCollector.impl=bf c:\Users\hbj\.vscode\extensions\redhat.java-1.53.0-win32-x64\server\plugins\org.eclipse.equinox.launcher_1.7.100.v20251111-0406.jar -configuration c:\Users\hbj\AppData\Roaming\Code\User\globalStorage\redhat.java\1.53.0\config_win -data c:\Users\hbj\AppData\Roaming\Code\User\workspaceStorage\17d2b9c7fa0ea607dbcfe76e38ce816b\redhat.java\jdt_ws --pipe=\\.\pipe\lsp-9060a9f028ecbfec3dd7dce91c875b27-sock

Host: 12th Gen Intel(R) Core(TM) i5-12500H, 16 cores, 15G,  Windows 11 , 64 bit Build 26100 (10.0.26100.8115)
Time: Sat Apr 11 15:27:07 2026 elapsed time: 6.311827 seconds (0d 0h 0m 6s)

---------------  T H R E A D  ---------------

Current thread (0x00000208d7947900):  JavaThread "C2 CompilerThread0" daemon [_thread_in_native, id=30772, stack(0x0000001091d00000,0x0000001091e00000) (1024K)]


Current CompileTask:
C2:6311 4467       4       org.lombokweb.asm.ClassReader::readMethod (1070 bytes)

Stack: [0x0000001091d00000,0x0000001091e00000]
Native frames: (J=compiled Java code, j=interpreted, Vv=VM code, C=native code)
V  [jvm.dll+0x6d7a39]
V  [jvm.dll+0x8b4b26]
V  [jvm.dll+0x8b70de]
V  [jvm.dll+0x8b77c3]
V  [jvm.dll+0x284346]
V  [jvm.dll+0xc66ed]
V  [jvm.dll+0xc6c31]
V  [jvm.dll+0x3bec01]
V  [jvm.dll+0x1e3d62]
V  [jvm.dll+0x24c6b3]
V  [jvm.dll+0x24bb40]
V  [jvm.dll+0x1cb34e]
V  [jvm.dll+0x25b85d]
V  [jvm.dll+0x259dea]
V  [jvm.dll+0x3f857e]
V  [jvm.dll+0x85f59d]
V  [jvm.dll+0x6d626d]
C  [ucrtbase.dll+0x37b0]
C  [KERNEL32.DLL+0x2e8d7]
C  [ntdll.dll+0x8c3fc]


---------------  P R O C E S S  ---------------

Threads class SMR info:
_java_thread_list=0x00000208f98af7c0, length=27, elements={
0x00000208d729ed70, 0x00000208d7934fb0, 0x00000208d7936ce0, 0x00000208d7940200,
0x00000208d793d410, 0x00000208d793daa0, 0x00000208d7940890, 0x00000208d7947900,
0x00000208d794afb0, 0x00000208d79486d0, 0x00000208d793e130, 0x00000208d7949470,
0x00000208d7949b40, 0x00000208d793e7c0, 0x00000208d793ee50, 0x00000208d793f4e0,
0x00000208d793fb70, 0x00000208f7498710, 0x00000208f7495fb0, 0x00000208f7496640,
0x00000208d794b680, 0x00000208f7495290, 0x00000208f7498080, 0x00000208f7498da0,
0x00000208f7495920, 0x00000208f7499430, 0x00000208f749a150
}

Java Threads: ( => current thread )
  0x00000208d729ed70 JavaThread "main"                              [_thread_blocked, id=30444, stack(0x0000001091300000,0x0000001091400000) (1024K)]
  0x00000208d7934fb0 JavaThread "Reference Handler"          daemon [_thread_blocked, id=9420, stack(0x0000001091700000,0x0000001091800000) (1024K)]
  0x00000208d7936ce0 JavaThread "Finalizer"                  daemon [_thread_blocked, id=31112, stack(0x0000001091800000,0x0000001091900000) (1024K)]
  0x00000208d7940200 JavaThread "Signal Dispatcher"          daemon [_thread_blocked, id=1372, stack(0x0000001091900000,0x0000001091a00000) (1024K)]
  0x00000208d793d410 JavaThread "Attach Listener"            daemon [_thread_blocked, id=516, stack(0x0000001091a00000,0x0000001091b00000) (1024K)]
  0x00000208d793daa0 JavaThread "Service Thread"             daemon [_thread_blocked, id=3064, stack(0x0000001091b00000,0x0000001091c00000) (1024K)]
  0x00000208d7940890 JavaThread "Monitor Deflation Thread"   daemon [_thread_blocked, id=26948, stack(0x0000001091c00000,0x0000001091d00000) (1024K)]
=>0x00000208d7947900 JavaThread "C2 CompilerThread0"         daemon [_thread_in_native, id=30772, stack(0x0000001091d00000,0x0000001091e00000) (1024K)]
  0x00000208d794afb0 JavaThread "C1 CompilerThread0"         daemon [_thread_blocked, id=33416, stack(0x0000001091e00000,0x0000001091f00000) (1024K)]
  0x00000208d79486d0 JavaThread "C1 CompilerThread1"         daemon [_thread_blocked, id=25228, stack(0x0000001091f00000,0x0000001092000000) (1024K)]
  0x00000208d793e130 JavaThread "Common-Cleaner"             daemon [_thread_blocked, id=24224, stack(0x0000001092000000,0x0000001092100000) (1024K)]
  0x00000208d7949470 JavaThread "C1 CompilerThread2"         daemon [_thread_blocked, id=32152, stack(0x0000001092100000,0x0000001092200000) (1024K)]
  0x00000208d7949b40 JavaThread "C1 CompilerThread3"         daemon [_thread_blocked, id=13372, stack(0x0000001092200000,0x0000001092300000) (1024K)]
  0x00000208d793e7c0 JavaThread "Notification Thread"        daemon [_thread_blocked, id=24852, stack(0x0000001092400000,0x0000001092500000) (1024K)]
  0x00000208d793ee50 JavaThread "Active Thread: Equinox Container: 632eb2ba-659c-4aa9-afab-5f628665de91"        [_thread_blocked, id=31476, stack(0x0000001092300000,0x0000001092400000) (1024K)]
  0x00000208d793f4e0 JavaThread "Refresh Thread: Equinox Container: 632eb2ba-659c-4aa9-afab-5f628665de91" daemon [_thread_blocked, id=15928, stack(0x0000001092d00000,0x0000001092e00000) (1024K)]
  0x00000208d793fb70 JavaThread "Framework Event Dispatcher: Equinox Container: 632eb2ba-659c-4aa9-afab-5f628665de91" daemon [_thread_blocked, id=12988, stack(0x0000001092e00000,0x0000001092f00000) (1024K)]
  0x00000208f7498710 JavaThread "Start Level: Equinox Container: 632eb2ba-659c-4aa9-afab-5f628665de91" daemon [_thread_in_vm, id=19416, stack(0x0000001092f00000,0x0000001093000000) (1024K)]
  0x00000208f7495fb0 JavaThread "Bundle File Closer"         daemon [_thread_blocked, id=5436, stack(0x0000001093300000,0x0000001093400000) (1024K)]
  0x00000208f7496640 JavaThread "SCR Component Actor"        daemon [_thread_blocked, id=31888, stack(0x0000001092c00000,0x0000001092d00000) (1024K)]
  0x00000208d794b680 JavaThread "C2 CompilerThread1"         daemon [_thread_in_native, id=8000, stack(0x0000001093400000,0x0000001093500000) (1024K)]
  0x00000208f7495290 JavaThread "Worker-JM"                         [_thread_blocked, id=21232, stack(0x0000001093500000,0x0000001093600000) (1024K)]
  0x00000208f7498080 JavaThread "JNA Cleaner"                daemon [_thread_blocked, id=37532, stack(0x0000001093800000,0x0000001093900000) (1024K)]
  0x00000208f7498da0 JavaThread "Worker-0"                          [_thread_blocked, id=37528, stack(0x0000001093900000,0x0000001093a00000) (1024K)]
  0x00000208f7495920 JavaThread "Worker-1: Repository registry initialization"        [_thread_in_vm, id=31704, stack(0x0000001093a00000,0x0000001093b00000) (1024K)]
  0x00000208f7499430 JavaThread "Java indexing"              daemon [_thread_blocked, id=35656, stack(0x0000001093b00000,0x0000001093c00000) (1024K)]
  0x00000208f749a150 JavaThread "Worker-2"                          [_thread_blocked, id=37356, stack(0x0000001093c00000,0x0000001093d00000) (1024K)]
Total: 27

Other Threads:
  0x00000208eff331e0 VMThread "VM Thread"                           [id=15832, stack(0x0000001091600000,0x0000001091700000) (1024K)]
  0x00000208efe2cb20 WatcherThread "VM Periodic Task Thread"        [id=2948, stack(0x0000001091500000,0x0000001091600000) (1024K)]
  0x00000208d78b0330 WorkerThread "GC Thread#0"                     [id=34328, stack(0x0000001091400000,0x0000001091500000) (1024K)]
  0x00000208f7291030 WorkerThread "GC Thread#1"                     [id=15808, stack(0x0000001092500000,0x0000001092600000) (1024K)]
  0x00000208f7290c80 WorkerThread "GC Thread#2"                     [id=13160, stack(0x0000001092600000,0x0000001092700000) (1024K)]
  0x00000208f72913e0 WorkerThread "GC Thread#3"                     [id=37516, stack(0x0000001092700000,0x0000001092800000) (1024K)]
  0x00000208f7290170 WorkerThread "GC Thread#4"                     [id=5692, stack(0x0000001092800000,0x0000001092900000) (1024K)]
  0x00000208f7291b40 WorkerThread "GC Thread#5"                     [id=2708, stack(0x0000001092900000,0x0000001092a00000) (1024K)]
  0x00000208f72908d0 WorkerThread "GC Thread#6"                     [id=12344, stack(0x0000001092a00000,0x0000001092b00000) (1024K)]
  0x00000208f7290520 WorkerThread "GC Thread#7"                     [id=32772, stack(0x0000001092b00000,0x0000001092c00000) (1024K)]
  0x00000208f7c7d690 WorkerThread "GC Thread#8"                     [id=29016, stack(0x0000001093000000,0x0000001093100000) (1024K)]
  0x00000208f7c7fb70 WorkerThread "GC Thread#9"                     [id=10760, stack(0x0000001093100000,0x0000001093200000) (1024K)]
  0x00000208f7c7ff20 WorkerThread "GC Thread#10"                    [id=16484, stack(0x0000001093200000,0x0000001093300000) (1024K)]
  0x00000208f7c7cf30 WorkerThread "GC Thread#11"                    [id=31716, stack(0x0000001093600000,0x0000001093700000) (1024K)]
  0x00000208f7c7e900 WorkerThread "GC Thread#12"                    [id=33164, stack(0x0000001093700000,0x0000001093800000) (1024K)]
Total: 15

Threads with active compile tasks:
C2 CompilerThread0  6326 4467       4       org.lombokweb.asm.ClassReader::readMethod (1070 bytes)
C1 CompilerThread2  6326 4693       3       org.eclipse.osgi.internal.loader.BundleLoader::createExportPackageSource (90 bytes)
C2 CompilerThread1  6326 4614 %     4       java.util.Properties::loadConvert @ 8 (540 bytes)
Total: 3

VM state: not at safepoint (normal execution)

VM Mutex/Monitor currently owned by a thread: None

Heap address: 0x0000000080000000, size: 2048 MB, Compressed Oops mode: 32-bit

CDS archive(s) mapped at: [0x0000020880000000-0x0000020880ba0000-0x0000020880ba0000), size 12189696, SharedBaseAddress: 0x0000020880000000, ArchiveRelocationMode: 1.
Compressed class space mapped at: 0x0000020881000000-0x00000208c1000000, reserved size: 1073741824
Narrow klass base: 0x0000020880000000, Narrow klass shift: 0, Narrow klass range: 0x100000000

GC Precious Log:
 CardTable entry size: 512
 CPUs: 16 total, 16 available
 Memory: 16108M
 Large Page Support: Disabled
 NUMA Support: Disabled
 Compressed Oops: Enabled (32-bit)
 Alignments: Space 512K, Generation 512K, Heap 2M
 Heap Min Capacity: 100M
 Heap Initial Capacity: 100M
 Heap Max Capacity: 2G
 Pre-touch: Disabled
 Parallel Workers: 13

Heap:
 PSYoungGen      total 25600K, used 9817K [0x00000000d5580000, 0x00000000d7400000, 0x0000000100000000)
  eden space 23040K, 31% used [0x00000000d5580000,0x00000000d5c9c168,0x00000000d6c00000)
  from space 2560K, 99% used [0x00000000d7080000,0x00000000d72fa2b0,0x00000000d7300000)
  to   space 4096K, 0% used [0x00000000d6c00000,0x00000000d6c00000,0x00000000d7000000)
 ParOldGen       total 68608K, used 14454K [0x0000000080000000, 0x0000000084300000, 0x00000000d5580000)
  object space 68608K, 21% used [0x0000000080000000,0x0000000080e1da10,0x0000000084300000)
 Metaspace       used 28606K, committed 29632K, reserved 1114112K
  class space    used 2817K, committed 3200K, reserved 1048576K

Card table byte_map: [0x00000208eb290000,0x00000208eb6a0000] _byte_map_base: 0x00000208eae90000

Marking Bits: (ParMarkBitMap*) 0x00007ff9fba43450
 Begin Bits: [0x00000208eb950000, 0x00000208ed950000)
 End Bits:   [0x00000208ed950000, 0x00000208ef950000)

Polling page: 0x00000208d7610000

Metaspace:

Usage:
  Non-class:     25.19 MB used.
      Class:      2.75 MB used.
       Both:     27.94 MB used.

Virtual space:
  Non-class space:       64.00 MB reserved,      25.81 MB ( 40%) committed,  1 nodes.
      Class space:        1.00 GB reserved,       3.12 MB ( <1%) committed,  1 nodes.
             Both:        1.06 GB reserved,      28.94 MB (  3%) committed. 

Chunk freelists:
   Non-Class:  5.89 MB
       Class:  12.82 MB
        Both:  18.70 MB

MaxMetaspaceSize: unlimited
CompressedClassSpaceSize: 1.00 GB
Initial GC threshold: 21.00 MB
Current GC threshold: 35.00 MB
CDS: on
 - commit_granule_bytes: 65536.
 - commit_granule_words: 8192.
 - virtual_space_node_default_size: 8388608.
 - enlarge_chunks_in_place: 1.
 - use_allocation_guard: 0.


Internal statistics:

num_allocs_failed_limit: 3.
num_arena_births: 836.
num_arena_deaths: 14.
num_vsnodes_births: 2.
num_vsnodes_deaths: 0.
num_space_committed: 463.
num_space_uncommitted: 0.
num_chunks_returned_to_freelist: 17.
num_chunks_taken_from_freelist: 2024.
num_chunk_merges: 4.
num_chunk_splits: 1294.
num_chunks_enlarged: 773.
num_inconsistent_stats: 0.

CodeHeap 'non-profiled nmethods': size=119168Kb used=1995Kb max_used=1995Kb free=117173Kb
 bounds [0x00000208e3c50000, 0x00000208e3ec0000, 0x00000208eb0b0000]
CodeHeap 'profiled nmethods': size=119104Kb used=10098Kb max_used=10098Kb free=109005Kb
 bounds [0x00000208dc0b0000, 0x00000208dca90000, 0x00000208e3500000]
CodeHeap 'non-nmethods': size=7488Kb used=2467Kb max_used=3050Kb free=5021Kb
 bounds [0x00000208e3500000, 0x00000208e3800000, 0x00000208e3c50000]
CodeCache: size=245760Kb, used=14560Kb, max_used=15143Kb, free=231199Kb
 total_blobs=5313, nmethods=4681, adapters=536, full_count=0
Compilation: enabled, stopped_count=0, restarted_count=0

Compilation events (20 events):
Event: 5.304 Thread 0x00000208d7949b40 nmethod 4681 0x00000208dca84a10 code [0x00000208dca84ce0, 0x00000208dca85918]
Event: 5.304 Thread 0x00000208d79486d0 4680       1       org.eclipse.core.runtime.QualifiedName::getLocalName (5 bytes)
Event: 5.304 Thread 0x00000208d794afb0 4685       3       org.eclipse.core.runtime.Assert::isLegal (7 bytes)
Event: 5.304 Thread 0x00000208d7949470 nmethod 4679 0x00000208e3e42310 code [0x00000208e3e424a0, 0x00000208e3e42568]
Event: 5.304 Thread 0x00000208d79486d0 nmethod 4680 0x00000208e3e42610 code [0x00000208e3e427a0, 0x00000208e3e42868]
Event: 5.304 Thread 0x00000208d794afb0 nmethod 4685 0x00000208dca85d90 code [0x00000208dca85f40, 0x00000208dca86188]
Event: 5.306 Thread 0x00000208d794afb0 4686       3       java.util.LinkedHashMap$LinkedKeyIterator::next (8 bytes)
Event: 5.306 Thread 0x00000208d794afb0 nmethod 4686 0x00000208dca86290 code [0x00000208dca86440, 0x00000208dca86598]
Event: 5.306 Thread 0x00000208d794afb0 4687  s    3       org.eclipse.osgi.framework.eventmgr.EventManager$EventThread::postEvent (71 bytes)
Event: 5.306 Thread 0x00000208d7949470 4688       3       org.eclipse.osgi.framework.eventmgr.EventManager$EventThread$Queued::<init> (31 bytes)
Event: 5.306 Thread 0x00000208d7949470 nmethod 4688 0x00000208dca86690 code [0x00000208dca86840, 0x00000208dca86a00]
Event: 5.306 Thread 0x00000208d794afb0 nmethod 4687 0x00000208dca86b10 code [0x00000208dca86d00, 0x00000208dca873c0]
Event: 5.308 Thread 0x00000208d7949470 4689       3       java.util.concurrent.ConcurrentLinkedQueue::offer (120 bytes)
Event: 5.308 Thread 0x00000208d79486d0 4690       3       java.util.concurrent.ConcurrentLinkedQueue$Node::<init> (13 bytes)
Event: 5.308 Thread 0x00000208d7949b40 4691       3       java.lang.invoke.VarHandleReferences$FieldInstanceReadWrite::set (35 bytes)
Event: 5.308 Thread 0x00000208d794afb0 4692       1       org.eclipse.core.internal.jobs.InternalJob::previous (5 bytes)
Event: 5.308 Thread 0x00000208d794afb0 nmethod 4692 0x00000208e3e42910 code [0x00000208e3e42aa0, 0x00000208e3e42b68]
Event: 5.309 Thread 0x00000208d7949b40 nmethod 4691 0x00000208dca87610 code [0x00000208dca87840, 0x00000208dca87fc8]
Event: 5.309 Thread 0x00000208d79486d0 nmethod 4690 0x00000208dca88290 code [0x00000208dca884e0, 0x00000208dca88dd8]
Event: 5.311 Thread 0x00000208d7949470 nmethod 4689 0x00000208dca89110 code [0x00000208dca89500, 0x00000208dca8b150]

GC Heap History (20 events):
Event: 1.739 GC heap before
{Heap before GC invocations=2 (full 0):
 PSYoungGen      total 29696K, used 29348K [0x00000000d5580000, 0x00000000d7680000, 0x0000000100000000)
  eden space 25600K, 100% used [0x00000000d5580000,0x00000000d6e80000,0x00000000d6e80000)
  from space 4096K, 91% used [0x00000000d6e80000,0x00000000d7229000,0x00000000d7280000)
  to   space 4096K, 0% used [0x00000000d7280000,0x00000000d7280000,0x00000000d7680000)
 ParOldGen       total 68608K, used 16K [0x0000000080000000, 0x0000000084300000, 0x00000000d5580000)
  object space 68608K, 0% used [0x0000000080000000,0x0000000080004000,0x0000000084300000)
 Metaspace       used 7852K, committed 8192K, reserved 1114112K
  class space    used 812K, committed 960K, reserved 1048576K
}
Event: 1.746 GC heap after
{Heap after GC invocations=2 (full 0):
 PSYoungGen      total 29696K, used 4081K [0x00000000d5580000, 0x00000000d7680000, 0x0000000100000000)
  eden space 25600K, 0% used [0x00000000d5580000,0x00000000d5580000,0x00000000d6e80000)
  from space 4096K, 99% used [0x00000000d7280000,0x00000000d767c4f8,0x00000000d7680000)
  to   space 4096K, 0% used [0x00000000d6e80000,0x00000000d6e80000,0x00000000d7280000)
 ParOldGen       total 68608K, used 2113K [0x0000000080000000, 0x0000000084300000, 0x00000000d5580000)
  object space 68608K, 3% used [0x0000000080000000,0x00000000802106a8,0x0000000084300000)
 Metaspace       used 7852K, committed 8192K, reserved 1114112K
  class space    used 812K, committed 960K, reserved 1048576K
}
Event: 2.281 GC heap before
{Heap before GC invocations=3 (full 0):
 PSYoungGen      total 29696K, used 29681K [0x00000000d5580000, 0x00000000d7680000, 0x0000000100000000)
  eden space 25600K, 100% used [0x00000000d5580000,0x00000000d6e80000,0x00000000d6e80000)
  from space 4096K, 99% used [0x00000000d7280000,0x00000000d767c4f8,0x00000000d7680000)
  to   space 4096K, 0% used [0x00000000d6e80000,0x00000000d6e80000,0x00000000d7280000)
 ParOldGen       total 68608K, used 2113K [0x0000000080000000, 0x0000000084300000, 0x00000000d5580000)
  object space 68608K, 3% used [0x0000000080000000,0x00000000802106a8,0x0000000084300000)
 Metaspace       used 9524K, committed 9920K, reserved 1114112K
  class space    used 1012K, committed 1152K, reserved 1048576K
}
Event: 2.287 GC heap after
{Heap after GC invocations=3 (full 0):
 PSYoungGen      total 29696K, used 4078K [0x00000000d5580000, 0x00000000d7680000, 0x0000000100000000)
  eden space 25600K, 0% used [0x00000000d5580000,0x00000000d5580000,0x00000000d6e80000)
  from space 4096K, 99% used [0x00000000d6e80000,0x00000000d727bb88,0x00000000d7280000)
  to   space 4096K, 0% used [0x00000000d7280000,0x00000000d7280000,0x00000000d7680000)
 ParOldGen       total 68608K, used 4378K [0x0000000080000000, 0x0000000084300000, 0x00000000d5580000)
  object space 68608K, 6% used [0x0000000080000000,0x0000000080446b00,0x0000000084300000)
 Metaspace       used 9524K, committed 9920K, reserved 1114112K
  class space    used 1012K, committed 1152K, reserved 1048576K
}
Event: 2.952 GC heap before
{Heap before GC invocations=4 (full 0):
 PSYoungGen      total 29696K, used 29678K [0x00000000d5580000, 0x00000000d7680000, 0x0000000100000000)
  eden space 25600K, 100% used [0x00000000d5580000,0x00000000d6e80000,0x00000000d6e80000)
  from space 4096K, 99% used [0x00000000d6e80000,0x00000000d727bb88,0x00000000d7280000)
  to   space 4096K, 0% used [0x00000000d7280000,0x00000000d7280000,0x00000000d7680000)
 ParOldGen       total 68608K, used 4378K [0x0000000080000000, 0x0000000084300000, 0x00000000d5580000)
  object space 68608K, 6% used [0x0000000080000000,0x0000000080446b00,0x0000000084300000)
 Metaspace       used 11417K, committed 11776K, reserved 1114112K
  class space    used 1192K, committed 1344K, reserved 1048576K
}
Event: 2.957 GC heap after
{Heap after GC invocations=4 (full 0):
 PSYoungGen      total 29696K, used 4072K [0x00000000d5580000, 0x00000000d7680000, 0x0000000100000000)
  eden space 25600K, 0% used [0x00000000d5580000,0x00000000d5580000,0x00000000d6e80000)
  from space 4096K, 99% used [0x00000000d7280000,0x00000000d767a390,0x00000000d7680000)
  to   space 4096K, 0% used [0x00000000d6e80000,0x00000000d6e80000,0x00000000d7280000)
 ParOldGen       total 68608K, used 6930K [0x0000000080000000, 0x0000000084300000, 0x00000000d5580000)
  object space 68608K, 10% used [0x0000000080000000,0x00000000806c4998,0x0000000084300000)
 Metaspace       used 11417K, committed 11776K, reserved 1114112K
  class space    used 1192K, committed 1344K, reserved 1048576K
}
Event: 3.515 GC heap before
{Heap before GC invocations=5 (full 0):
 PSYoungGen      total 29696K, used 29672K [0x00000000d5580000, 0x00000000d7680000, 0x0000000100000000)
  eden space 25600K, 100% used [0x00000000d5580000,0x00000000d6e80000,0x00000000d6e80000)
  from space 4096K, 99% used [0x00000000d7280000,0x00000000d767a390,0x00000000d7680000)
  to   space 4096K, 0% used [0x00000000d6e80000,0x00000000d6e80000,0x00000000d7280000)
 ParOldGen       total 68608K, used 6930K [0x0000000080000000, 0x0000000084300000, 0x00000000d5580000)
  object space 68608K, 10% used [0x0000000080000000,0x00000000806c4998,0x0000000084300000)
 Metaspace       used 15330K, committed 15936K, reserved 1114112K
  class space    used 1578K, committed 1856K, reserved 1048576K
}
Event: 3.519 GC heap after
{Heap after GC invocations=5 (full 0):
 PSYoungGen      total 29184K, used 4086K [0x00000000d5580000, 0x00000000d7900000, 0x0000000100000000)
  eden space 25088K, 0% used [0x00000000d5580000,0x00000000d5580000,0x00000000d6e00000)
  from space 4096K, 99% used [0x00000000d6e80000,0x00000000d727d8c8,0x00000000d7280000)
  to   space 5632K, 0% used [0x00000000d7380000,0x00000000d7380000,0x00000000d7900000)
 ParOldGen       total 68608K, used 7878K [0x0000000080000000, 0x0000000084300000, 0x00000000d5580000)
  object space 68608K, 11% used [0x0000000080000000,0x00000000807b19a8,0x0000000084300000)
 Metaspace       used 15330K, committed 15936K, reserved 1114112K
  class space    used 1578K, committed 1856K, reserved 1048576K
}
Event: 4.137 GC heap before
{Heap before GC invocations=6 (full 0):
 PSYoungGen      total 29184K, used 29174K [0x00000000d5580000, 0x00000000d7900000, 0x0000000100000000)
  eden space 25088K, 100% used [0x00000000d5580000,0x00000000d6e00000,0x00000000d6e00000)
  from space 4096K, 99% used [0x00000000d6e80000,0x00000000d727d8c8,0x00000000d7280000)
  to   space 5632K, 0% used [0x00000000d7380000,0x00000000d7380000,0x00000000d7900000)
 ParOldGen       total 68608K, used 7878K [0x0000000080000000, 0x0000000084300000, 0x00000000d5580000)
  object space 68608K, 11% used [0x0000000080000000,0x00000000807b19a8,0x0000000084300000)
 Metaspace       used 18665K, committed 19392K, reserved 1114112K
  class space    used 1947K, committed 2240K, reserved 1048576K
}
Event: 4.140 GC heap after
{Heap after GC invocations=6 (full 0):
 PSYoungGen      total 30208K, used 5202K [0x00000000d5580000, 0x00000000d7900000, 0x0000000100000000)
  eden space 24576K, 0% used [0x00000000d5580000,0x00000000d5580000,0x00000000d6d80000)
  from space 5632K, 92% used [0x00000000d7380000,0x00000000d7894a28,0x00000000d7900000)
  to   space 5632K, 0% used [0x00000000d6e00000,0x00000000d6e00000,0x00000000d7380000)
 ParOldGen       total 68608K, used 7886K [0x0000000080000000, 0x0000000084300000, 0x00000000d5580000)
  object space 68608K, 11% used [0x0000000080000000,0x00000000807b39a8,0x0000000084300000)
 Metaspace       used 18665K, committed 19392K, reserved 1114112K
  class space    used 1947K, committed 2240K, reserved 1048576K
}
Event: 4.444 GC heap before
{Heap before GC invocations=7 (full 0):
 PSYoungGen      total 30208K, used 25713K [0x00000000d5580000, 0x00000000d7900000, 0x0000000100000000)
  eden space 24576K, 83% used [0x00000000d5580000,0x00000000d6987d10,0x00000000d6d80000)
  from space 5632K, 92% used [0x00000000d7380000,0x00000000d7894a28,0x00000000d7900000)
  to   space 5632K, 0% used [0x00000000d6e00000,0x00000000d6e00000,0x00000000d7380000)
 ParOldGen       total 68608K, used 7886K [0x0000000080000000, 0x0000000084300000, 0x00000000d5580000)
  object space 68608K, 11% used [0x0000000080000000,0x00000000807b39a8,0x0000000084300000)
 Metaspace       used 20646K, committed 21504K, reserved 1114112K
  class space    used 2181K, committed 2560K, reserved 1048576K
}
Event: 4.447 GC heap after
{Heap after GC invocations=7 (full 0):
 PSYoungGen      total 29184K, used 4444K [0x00000000d5580000, 0x00000000d7780000, 0x0000000100000000)
  eden space 24576K, 0% used [0x00000000d5580000,0x00000000d5580000,0x00000000d6d80000)
  from space 4608K, 96% used [0x00000000d6e00000,0x00000000d7257150,0x00000000d7280000)
  to   space 5120K, 0% used [0x00000000d7280000,0x00000000d7280000,0x00000000d7780000)
 ParOldGen       total 68608K, used 9576K [0x0000000080000000, 0x0000000084300000, 0x00000000d5580000)
  object space 68608K, 13% used [0x0000000080000000,0x000000008095a150,0x0000000084300000)
 Metaspace       used 20646K, committed 21504K, reserved 1114112K
  class space    used 2181K, committed 2560K, reserved 1048576K
}
Event: 4.447 GC heap before
{Heap before GC invocations=8 (full 1):
 PSYoungGen      total 29184K, used 4444K [0x00000000d5580000, 0x00000000d7780000, 0x0000000100000000)
  eden space 24576K, 0% used [0x00000000d5580000,0x00000000d5580000,0x00000000d6d80000)
  from space 4608K, 96% used [0x00000000d6e00000,0x00000000d7257150,0x00000000d7280000)
  to   space 5120K, 0% used [0x00000000d7280000,0x00000000d7280000,0x00000000d7780000)
 ParOldGen       total 68608K, used 9576K [0x0000000080000000, 0x0000000084300000, 0x00000000d5580000)
  object space 68608K, 13% used [0x0000000080000000,0x000000008095a150,0x0000000084300000)
 Metaspace       used 20646K, committed 21504K, reserved 1114112K
  class space    used 2181K, committed 2560K, reserved 1048576K
}
Event: 4.478 GC heap after
{Heap after GC invocations=8 (full 1):
 PSYoungGen      total 29184K, used 0K [0x00000000d5580000, 0x00000000d7780000, 0x0000000100000000)
  eden space 24576K, 0% used [0x00000000d5580000,0x00000000d5580000,0x00000000d6d80000)
  from space 4608K, 0% used [0x00000000d6e00000,0x00000000d6e00000,0x00000000d7280000)
  to   space 5120K, 0% used [0x00000000d7280000,0x00000000d7280000,0x00000000d7780000)
 ParOldGen       total 68608K, used 13308K [0x0000000080000000, 0x0000000084300000, 0x00000000d5580000)
  object space 68608K, 19% used [0x0000000080000000,0x0000000080cff210,0x0000000084300000)
 Metaspace       used 20634K, committed 21504K, reserved 1114112K
  class space    used 2177K, committed 2560K, reserved 1048576K
}
Event: 4.782 GC heap before
{Heap before GC invocations=9 (full 1):
 PSYoungGen      total 29184K, used 24576K [0x00000000d5580000, 0x00000000d7780000, 0x0000000100000000)
  eden space 24576K, 100% used [0x00000000d5580000,0x00000000d6d80000,0x00000000d6d80000)
  from space 4608K, 0% used [0x00000000d6e00000,0x00000000d6e00000,0x00000000d7280000)
  to   space 5120K, 0% used [0x00000000d7280000,0x00000000d7280000,0x00000000d7780000)
 ParOldGen       total 68608K, used 13308K [0x0000000080000000, 0x0000000084300000, 0x00000000d5580000)
  object space 68608K, 19% used [0x0000000080000000,0x0000000080cff210,0x0000000084300000)
 Metaspace       used 22587K, committed 23552K, reserved 1114112K
  class space    used 2365K, committed 2752K, reserved 1048576K
}
Event: 4.783 GC heap after
{Heap after GC invocations=9 (full 1):
 PSYoungGen      total 27136K, used 2621K [0x00000000d5580000, 0x00000000d7580000, 0x0000000100000000)
  eden space 24064K, 0% used [0x00000000d5580000,0x00000000d5580000,0x00000000d6d00000)
  from space 3072K, 85% used [0x00000000d7280000,0x00000000d750f490,0x00000000d7580000)
  to   space 3584K, 0% used [0x00000000d6e80000,0x00000000d6e80000,0x00000000d7200000)
 ParOldGen       total 68608K, used 13316K [0x0000000080000000, 0x0000000084300000, 0x00000000d5580000)
  object space 68608K, 19% used [0x0000000080000000,0x0000000080d01210,0x0000000084300000)
 Metaspace       used 22587K, committed 23552K, reserved 1114112K
  class space    used 2365K, committed 2752K, reserved 1048576K
}
Event: 5.027 GC heap before
{Heap before GC invocations=10 (full 1):
 PSYoungGen      total 27136K, used 26685K [0x00000000d5580000, 0x00000000d7580000, 0x0000000100000000)
  eden space 24064K, 100% used [0x00000000d5580000,0x00000000d6d00000,0x00000000d6d00000)
  from space 3072K, 85% used [0x00000000d7280000,0x00000000d750f490,0x00000000d7580000)
  to   space 3584K, 0% used [0x00000000d6e80000,0x00000000d6e80000,0x00000000d7200000)
 ParOldGen       total 68608K, used 13316K [0x0000000080000000, 0x0000000084300000, 0x00000000d5580000)
  object space 68608K, 19% used [0x0000000080000000,0x0000000080d01210,0x0000000084300000)
 Metaspace       used 26296K, committed 27264K, reserved 1114112K
  class space    used 2631K, committed 3008K, reserved 1048576K
}
Event: 5.028 GC heap after
{Heap after GC invocations=10 (full 1):
 PSYoungGen      total 25600K, used 1625K [0x00000000d5580000, 0x00000000d7300000, 0x0000000100000000)
  eden space 23552K, 0% used [0x00000000d5580000,0x00000000d5580000,0x00000000d6c80000)
  from space 2048K, 79% used [0x00000000d6e80000,0x00000000d7016478,0x00000000d7080000)
  to   space 2560K, 0% used [0x00000000d7080000,0x00000000d7080000,0x00000000d7300000)
 ParOldGen       total 68608K, used 13324K [0x0000000080000000, 0x0000000084300000, 0x00000000d5580000)
  object space 68608K, 19% used [0x0000000080000000,0x0000000080d03210,0x0000000084300000)
 Metaspace       used 26296K, committed 27264K, reserved 1114112K
  class space    used 2631K, committed 3008K, reserved 1048576K
}
Event: 5.238 GC heap before
{Heap before GC invocations=11 (full 1):
 PSYoungGen      total 25600K, used 25177K [0x00000000d5580000, 0x00000000d7300000, 0x0000000100000000)
  eden space 23552K, 100% used [0x00000000d5580000,0x00000000d6c80000,0x00000000d6c80000)
  from space 2048K, 79% used [0x00000000d6e80000,0x00000000d7016478,0x00000000d7080000)
  to   space 2560K, 0% used [0x00000000d7080000,0x00000000d7080000,0x00000000d7300000)
 ParOldGen       total 68608K, used 13324K [0x0000000080000000, 0x0000000084300000, 0x00000000d5580000)
  object space 68608K, 19% used [0x0000000080000000,0x0000000080d03210,0x0000000084300000)
 Metaspace       used 27691K, committed 28736K, reserved 1114112K
  class space    used 2727K, committed 3136K, reserved 1048576K
}
Event: 5.239 GC heap after
{Heap after GC invocations=11 (full 1):
 PSYoungGen      total 25600K, used 2536K [0x00000000d5580000, 0x00000000d7400000, 0x0000000100000000)
  eden space 23040K, 0% used [0x00000000d5580000,0x00000000d5580000,0x00000000d6c00000)
  from space 2560K, 99% used [0x00000000d7080000,0x00000000d72fa2b0,0x00000000d7300000)
  to   space 4096K, 0% used [0x00000000d6c00000,0x00000000d6c00000,0x00000000d7000000)
 ParOldGen       total 68608K, used 14454K [0x0000000080000000, 0x0000000084300000, 0x00000000d5580000)
  object space 68608K, 21% used [0x0000000080000000,0x0000000080e1da10,0x0000000084300000)
 Metaspace       used 27691K, committed 28736K, reserved 1114112K
  class space    used 2727K, committed 3136K, reserved 1048576K
}

Dll operation events (10 events):
Event: 0.009 Loaded shared library c:\Users\hbj\.vscode\extensions\redhat.java-1.53.0-win32-x64\jre\21.0.10-win32-x86_64\bin\java.dll
Event: 0.033 Loaded shared library c:\Users\hbj\.vscode\extensions\redhat.java-1.53.0-win32-x64\jre\21.0.10-win32-x86_64\bin\zip.dll
Event: 0.094 Loaded shared library C:\Users\hbj\.vscode\extensions\redhat.java-1.53.0-win32-x64\jre\21.0.10-win32-x86_64\bin\instrument.dll
Event: 0.098 Loaded shared library C:\Users\hbj\.vscode\extensions\redhat.java-1.53.0-win32-x64\jre\21.0.10-win32-x86_64\bin\net.dll
Event: 0.101 Loaded shared library C:\Users\hbj\.vscode\extensions\redhat.java-1.53.0-win32-x64\jre\21.0.10-win32-x86_64\bin\nio.dll
Event: 0.104 Loaded shared library C:\Users\hbj\.vscode\extensions\redhat.java-1.53.0-win32-x64\jre\21.0.10-win32-x86_64\bin\zip.dll
Event: 0.122 Loaded shared library C:\Users\hbj\.vscode\extensions\redhat.java-1.53.0-win32-x64\jre\21.0.10-win32-x86_64\bin\jimage.dll
Event: 0.220 Loaded shared library c:\Users\hbj\.vscode\extensions\redhat.java-1.53.0-win32-x64\jre\21.0.10-win32-x86_64\bin\verify.dll
Event: 1.894 Loaded shared library C:\Users\hbj\AppData\Roaming\Code\User\globalStorage\redhat.java\1.53.0\config_win\org.eclipse.equinox.launcher\org.eclipse.equinox.launcher.win32.win32.x86_64_1.3.0.v20260203-2149\eclipse_11919.dll
Event: 3.820 Loaded shared library C:\Users\hbj\AppData\Local\Temp\jna-103088\jna10039570591158788821.dll

Deoptimization events (20 events):
Event: 5.276 Thread 0x00000208f7498710 Uncommon trap: trap_request=0xffffff45 fr.pc=0x00000208e3e39bb8 relative=0x0000000000001258
Event: 5.276 Thread 0x00000208f7498710 Uncommon trap: reason=unstable_if action=reinterpret pc=0x00000208e3e39bb8 method=java.util.Properties.loadConvert([CIILjava/lang/StringBuilder;)Ljava/lang/String; @ 105 c2
Event: 5.276 Thread 0x00000208f7498710 DEOPT PACKING pc=0x00000208e3e39bb8 sp=0x0000001092ff90a0
Event: 5.276 Thread 0x00000208f7498710 DEOPT UNPACKING pc=0x00000208e3553aa2 sp=0x0000001092ff9090 mode 2
Event: 5.276 Thread 0x00000208f7498710 Uncommon trap: trap_request=0xffffff45 fr.pc=0x00000208e3e12e68 relative=0x0000000000000248
Event: 5.276 Thread 0x00000208f7498710 Uncommon trap: reason=unstable_if action=reinterpret pc=0x00000208e3e12e68 method=java.lang.AbstractStringBuilder.appendChars([CII)V @ 10 c2
Event: 5.276 Thread 0x00000208f7498710 DEOPT PACKING pc=0x00000208e3e12e68 sp=0x0000001092ff8f80
Event: 5.276 Thread 0x00000208f7498710 DEOPT UNPACKING pc=0x00000208e3553aa2 sp=0x0000001092ff8ef8 mode 2
Event: 5.283 Thread 0x00000208f7498710 Uncommon trap: trap_request=0xffffff45 fr.pc=0x00000208e3ddae74 relative=0x00000000000001d4
Event: 5.283 Thread 0x00000208f7498710 Uncommon trap: reason=unstable_if action=reinterpret pc=0x00000208e3ddae74 method=java.lang.StringConcatHelper.prepend(J[BLjava/lang/String;)J @ 13 c2
Event: 5.283 Thread 0x00000208f7498710 DEOPT PACKING pc=0x00000208e3ddae74 sp=0x0000001092ff9880
Event: 5.283 Thread 0x00000208f7498710 DEOPT UNPACKING pc=0x00000208e3553aa2 sp=0x0000001092ff9830 mode 2
Event: 5.283 Thread 0x00000208f7498710 Uncommon trap: trap_request=0xffffff45 fr.pc=0x00000208e3df1360 relative=0x00000000000000c0
Event: 5.283 Thread 0x00000208f7498710 Uncommon trap: reason=unstable_if action=reinterpret pc=0x00000208e3df1360 method=java.lang.StringConcatHelper.newString([BJ)Ljava/lang/String; @ 3 c2
Event: 5.283 Thread 0x00000208f7498710 DEOPT PACKING pc=0x00000208e3df1360 sp=0x0000001092ff9a10
Event: 5.283 Thread 0x00000208f7498710 DEOPT UNPACKING pc=0x00000208e3553aa2 sp=0x0000001092ff9998 mode 2
Event: 5.284 Thread 0x00000208f7498710 Uncommon trap: trap_request=0xffffff45 fr.pc=0x00000208e3e36a88 relative=0x0000000000000168
Event: 5.284 Thread 0x00000208f7498710 Uncommon trap: reason=unstable_if action=reinterpret pc=0x00000208e3e36a88 method=jdk.internal.util.ArraysSupport.mismatch([C[CI)I @ 4 c2
Event: 5.284 Thread 0x00000208f7498710 DEOPT PACKING pc=0x00000208e3e36a88 sp=0x0000001092ff9a40
Event: 5.284 Thread 0x00000208f7498710 DEOPT UNPACKING pc=0x00000208e3553aa2 sp=0x0000001092ff9978 mode 2

Classes loaded (20 events):
Event: 5.278 Loading class com/sun/org/apache/xerces/internal/impl/msg/XMLMessages
Event: 5.278 Loading class com/sun/org/apache/xerces/internal/impl/msg/XMLMessages done
Event: 5.279 Loading class com/sun/org/apache/xerces/internal/impl/msg/XMLMessages_zh
Event: 5.279 Loading class com/sun/org/apache/xerces/internal/impl/msg/XMLMessages_zh done
Event: 5.279 Loading class com/sun/org/apache/xerces/internal/impl/msg/XMLMessages_zh
Event: 5.279 Loading class com/sun/org/apache/xerces/internal/impl/msg/XMLMessages_zh done
Event: 5.279 Loading class com/sun/org/apache/xerces/internal/impl/msg/XMLMessages_zh_CN
Event: 5.279 Loading class com/sun/org/apache/xerces/internal/impl/msg/XMLMessages_zh_CN done
Event: 5.279 Loading class com/sun/org/apache/xerces/internal/impl/msg/XMLMessages_zh_CN
Event: 5.279 Loading class com/sun/org/apache/xerces/internal/impl/msg/XMLMessages_zh_CN done
Event: 5.283 Loading class com/sun/org/apache/xerces/internal/impl/msg/XMLMessages_zh_Hans
Event: 5.283 Loading class com/sun/org/apache/xerces/internal/impl/msg/XMLMessages_zh_Hans done
Event: 5.283 Loading class com/sun/org/apache/xerces/internal/impl/msg/XMLMessages_zh_Hans
Event: 5.283 Loading class com/sun/org/apache/xerces/internal/impl/msg/XMLMessages_zh_Hans done
Event: 5.283 Loading class com/sun/org/apache/xerces/internal/impl/msg/XMLMessages_zh_Hans_CN
Event: 5.283 Loading class com/sun/org/apache/xerces/internal/impl/msg/XMLMessages_zh_Hans_CN done
Event: 5.283 Loading class com/sun/org/apache/xerces/internal/impl/msg/XMLMessages_zh_Hans_CN
Event: 5.283 Loading class com/sun/org/apache/xerces/internal/impl/msg/XMLMessages_zh_Hans_CN done
Event: 5.307 Loading class java/net/Authenticator
Event: 5.307 Loading class java/net/Authenticator done

Classes unloaded (7 events):
Event: 4.453 Thread 0x00000208eff331e0 Unloading class 0x00000208811aa800 'java/lang/invoke/LambdaForm$MH+0x00000208811aa800'
Event: 4.453 Thread 0x00000208eff331e0 Unloading class 0x00000208811aa400 'java/lang/invoke/LambdaForm$MH+0x00000208811aa400'
Event: 4.453 Thread 0x00000208eff331e0 Unloading class 0x00000208811aa000 'java/lang/invoke/LambdaForm$MH+0x00000208811aa000'
Event: 4.453 Thread 0x00000208eff331e0 Unloading class 0x00000208811a9c00 'java/lang/invoke/LambdaForm$MH+0x00000208811a9c00'
Event: 4.453 Thread 0x00000208eff331e0 Unloading class 0x00000208811a9800 'java/lang/invoke/LambdaForm$BMH+0x00000208811a9800'
Event: 4.453 Thread 0x00000208eff331e0 Unloading class 0x00000208811a9400 'java/lang/invoke/LambdaForm$DMH+0x00000208811a9400'
Event: 4.453 Thread 0x00000208eff331e0 Unloading class 0x00000208811a8400 'java/lang/invoke/LambdaForm$DMH+0x00000208811a8400'

Classes redefined (0 events):
No events

Internal exceptions (20 events):
Event: 4.488 Thread 0x00000208f7498710 Exception <a 'java/lang/NoSuchMethodError'{0x00000000d55e2520}: 'int java.lang.invoke.DirectMethodHandle$Holder.invokeStaticInit(java.lang.Object, long, long)'> (0x00000000d55e2520) 
thrown [s\src\hotspot\share\interpreter\linkResolver.cpp, line 773]
Event: 4.488 Thread 0x00000208f7498710 Exception <a 'java/lang/NoSuchMethodError'{0x00000000d55e9ed8}: 'int java.lang.invoke.DirectMethodHandle$Holder.invokeStaticInit(java.lang.Object, float, float)'> (0x00000000d55e9ed8) 
thrown [s\src\hotspot\share\interpreter\linkResolver.cpp, line 773]
Event: 4.489 Thread 0x00000208f7498710 Exception <a 'java/lang/NoSuchMethodError'{0x00000000d5604a08}: 'int java.lang.invoke.DirectMethodHandle$Holder.invokeStaticInit(java.lang.Object, double, double)'> (0x00000000d5604a08) 
thrown [s\src\hotspot\share\interpreter\linkResolver.cpp, line 773]
Event: 4.489 Thread 0x00000208f7498710 Exception <a 'java/lang/NoSuchMethodError'{0x00000000d5609e20}: 'int java.lang.invoke.DirectMethodHandle$Holder.invokeStatic(java.lang.Object, long)'> (0x00000000d5609e20) 
thrown [s\src\hotspot\share\interpreter\linkResolver.cpp, line 773]
Event: 4.491 Thread 0x00000208f7498710 Exception <a 'java/lang/NoSuchMethodError'{0x00000000d5628b08}: 'int java.lang.invoke.Invokers$Holder.linkToTargetMethod(java.lang.Object, java.lang.Object)'> (0x00000000d5628b08) 
thrown [s\src\hotspot\share\interpreter\linkResolver.cpp, line 773]
Event: 4.522 Thread 0x00000208f7498710 Exception <a 'java/lang/NoSuchMethodError'{0x00000000d572d528}: 'java.lang.Object java.lang.invoke.Invokers$Holder.invoke_MT(java.lang.Object, java.lang.Object, java.lang.Object, java.lang.Object, java.lang.Object, java.lang.Object, java.lang.Object, java.lang.Object, java.lang.Object, java.lang.Object, java.lang.Object)'> (0x00000000d572d528) 
thrown [s\src\hotspot\share\interpreter\linkResolver.cpp, line 773]
Event: 4.533 Thread 0x00000208f7498710 Exception <a 'java/lang/NoSuchMethodError'{0x00000000d57ba730}: 'java.lang.Object java.lang.invoke.Invokers$Holder.invoke_MT(java.lang.Object, java.lang.Object, java.lang.Object, java.lang.Object, java.lang.Object, java.lang.Object, java.lang.Object, java.lang.Object, java.lang.Object, java.lang.Object)'> (0x00000000d57ba730) 
thrown [s\src\hotspot\share\interpreter\linkResolver.cpp, line 773]
Event: 4.545 Thread 0x00000208f7498710 Exception <a 'java/lang/NoSuchMethodError'{0x00000000d5872280}: 'java.lang.Object java.lang.invoke.DirectMethodHandle$Holder.newInvokeSpecial(java.lang.Object, java.lang.Object, java.lang.Object, java.lang.Object, java.lang.Object, java.lang.Object, java.lang.Object)'> (0x00000000d5872280) 
thrown [s\src\hotspot\share\interpreter\linkResolver.cpp, line 773]
Event: 4.568 Thread 0x00000208f7498710 Exception <a 'java/lang/NoSuchMethodError'{0x00000000d58e97c0}: 'java.lang.Object java.lang.invoke.Invokers$Holder.invoker(java.lang.Object, java.lang.Object, java.lang.Object, java.lang.Object, java.lang.Object, java.lang.Object, java.lang.Object, java.lang.Object, java.lang.Object, java.lang.Object, java.lang.Object, java.lang.Object, java.lang.Object)'> (0x00000000d58e97c0) 
thrown [s\src\hotspot\share\interpreter\linkResolver.cpp, line 773]
Event: 4.571 Thread 0x00000208f7498710 Exception <a 'java/lang/NoSuchMethodError'{0x00000000d58f3c58}: 'java.lang.Object java.lang.invoke.DelegatingMethodHandle$Holder.delegate(java.lang.Object, java.lang.Object, java.lang.Object, java.lang.Object, java.lang.Object, java.lang.Object, java.lang.Object, java.lang.Object, java.lang.Object, java.lang.Object, java.lang.Object, java.lang.Object, java.lang.Object)'> (0x00000000d58f3c58) 
thrown [s\src\hotspot\share\interpreter\linkResolver.cpp, line 773]
Event: 4.582 Thread 0x00000208f7498710 Exception <a 'java/lang/NoSuchMethodError'{0x00000000d595fa20}: static Lorg/eclipse/m2e/core/internal/lifecyclemapping/model/PluginExecutionMetadata;.<clinit>()V> (0x00000000d595fa20) 
thrown [s\src\hotspot\share\prims\jni.cpp, line 1111]
Event: 4.589 Thread 0x00000208f7498710 Exception <a 'java/lang/NoSuchMethodError'{0x00000000d59bf7d0}: static Lorg/eclipse/m2e/core/internal/lifecyclemapping/model/PluginExecutionFilter;.<clinit>()V> (0x00000000d59bf7d0) 
thrown [s\src\hotspot\share\prims\jni.cpp, line 1111]
Event: 4.593 Thread 0x00000208f7498710 Exception <a 'java/lang/NoSuchMethodError'{0x00000000d59efed0}: static Lorg/eclipse/m2e/core/internal/project/registry/MavenProjectFacade$MavenProjectConfiguration;.<clinit>()V> (0x00000000d59efed0) 
thrown [s\src\hotspot\share\prims\jni.cpp, line 1111]
Event: 4.685 Thread 0x00000208f7498710 Exception <a 'java/lang/NoSuchMethodError'{0x00000000d5e75150}: 'double java.lang.invoke.DirectMethodHandle$Holder.invokeStatic(java.lang.Object, java.lang.Object)'> (0x00000000d5e75150) 
thrown [s\src\hotspot\share\interpreter\linkResolver.cpp, line 773]
Event: 4.685 Thread 0x00000208f7498710 Exception <a 'java/lang/NoSuchMethodError'{0x00000000d5e78a60}: 'double java.lang.invoke.DirectMethodHandle$Holder.invokeStaticInit(java.lang.Object, java.lang.Object)'> (0x00000000d5e78a60) 
thrown [s\src\hotspot\share\interpreter\linkResolver.cpp, line 773]
Event: 4.985 Thread 0x00000208f7498710 Implicit null exception at 0x00000208e3e23675 to 0x00000208e3e23750
Event: 5.107 Thread 0x00000208f7498710 Exception <a 'java/lang/NoSuchMethodError'{0x00000000d6439238}: 'java.lang.Object java.lang.invoke.DirectMethodHandle$Holder.newInvokeSpecial(java.lang.Object, int, java.lang.Object, java.lang.Object)'> (0x00000000d6439238) 
thrown [s\src\hotspot\share\interpreter\linkResolver.cpp, line 773]
Event: 5.275 Thread 0x00000208f7498710 Exception <a 'java/lang/ClassNotFoundException'{0x00000000d576f040}: com/sun/org/apache/xerces/internal/impl/msg/spi/DOMMessagesProvider> (0x00000000d576f040) 
thrown [s\src\hotspot\share\classfile\systemDictionary.cpp, line 312]
Event: 5.277 Thread 0x00000208f7498710 Exception <a 'java/lang/ClassNotFoundException'{0x00000000d5791ae0}: com/sun/org/apache/xerces/internal/impl/msg/spi/XMLSerializerMessagesProvider> (0x00000000d5791ae0) 
thrown [s\src\hotspot\share\classfile\systemDictionary.cpp, line 312]
Event: 5.278 Thread 0x00000208f7498710 Exception <a 'java/lang/ClassNotFoundException'{0x00000000d57abb70}: com/sun/org/apache/xerces/internal/impl/msg/spi/XMLMessagesProvider> (0x00000000d57abb70) 
thrown [s\src\hotspot\share\classfile\systemDictionary.cpp, line 312]

ZGC Phase Switch (0 events):
No events

VM Operations (20 events):
Event: 4.054 Executing non-safepoint VM operation: HandshakeAllThreads (Deoptimize) done
Event: 4.061 Executing non-safepoint VM operation: HandshakeAllThreads (Deoptimize)
Event: 4.061 Executing non-safepoint VM operation: HandshakeAllThreads (Deoptimize) done
Event: 4.081 Executing safepoint VM operation: ICBufferFull
Event: 4.081 Executing safepoint VM operation: ICBufferFull done
Event: 4.090 Executing non-safepoint VM operation: HandshakeAllThreads (Deoptimize)
Event: 4.090 Executing non-safepoint VM operation: HandshakeAllThreads (Deoptimize) done
Event: 4.136 Executing safepoint VM operation: ParallelGCFailedAllocation (Allocation Failure)
Event: 4.140 Executing safepoint VM operation: ParallelGCFailedAllocation (Allocation Failure) done
Event: 4.439 Executing non-safepoint VM operation: HandshakeAllThreads (Deoptimize)
Event: 4.439 Executing non-safepoint VM operation: HandshakeAllThreads (Deoptimize) done
Event: 4.444 Executing safepoint VM operation: CollectForMetadataAllocation (Metadata GC Threshold)
Event: 4.478 Executing safepoint VM operation: CollectForMetadataAllocation (Metadata GC Threshold) done
Event: 4.782 Executing safepoint VM operation: ParallelGCFailedAllocation (Allocation Failure)
Event: 4.783 Executing safepoint VM operation: ParallelGCFailedAllocation (Allocation Failure) done
Event: 5.027 Executing safepoint VM operation: ParallelGCFailedAllocation (Allocation Failure)
Event: 5.028 Executing safepoint VM operation: ParallelGCFailedAllocation (Allocation Failure) done
Event: 5.238 Executing safepoint VM operation: ParallelGCFailedAllocation (Allocation Failure)
Event: 5.239 Executing safepoint VM operation: ParallelGCFailedAllocation (Allocation Failure) done
Event: 6.240 Executing safepoint VM operation: Cleanup

Memory protections (0 events):
No events

Nmethod flushes (0 events):
No events

Events (20 events):
Event: 0.095 Thread 0x00000208d729ed70 Thread added: 0x00000208d793e130
Event: 0.128 Thread 0x00000208d79486d0 Thread added: 0x00000208d7949470
Event: 0.128 Thread 0x00000208d79486d0 Thread added: 0x00000208d7949b40
Event: 0.208 Thread 0x00000208d7949b40 Thread added: 0x00000208d794a210
Event: 0.404 Thread 0x00000208d729ed70 Thread added: 0x00000208d793e7c0
Event: 1.532 Thread 0x00000208d794a210 Thread exited: 0x00000208d794a210
Event: 1.574 Thread 0x00000208d729ed70 Thread added: 0x00000208d793ee50
Event: 1.819 Thread 0x00000208d794afb0 Thread added: 0x00000208d794b680
Event: 1.883 Thread 0x00000208d729ed70 Thread added: 0x00000208d793f4e0
Event: 1.929 Thread 0x00000208d793f4e0 Thread added: 0x00000208d793fb70
Event: 1.932 Thread 0x00000208d729ed70 Thread added: 0x00000208f7498710
Event: 2.465 Thread 0x00000208f7498710 Thread added: 0x00000208f7495fb0
Event: 2.518 Thread 0x00000208d794b680 Thread exited: 0x00000208d794b680
Event: 2.964 Thread 0x00000208f7498710 Thread added: 0x00000208f7496640
Event: 3.031 Thread 0x00000208d7949b40 Thread added: 0x00000208d794b680
Event: 3.276 Thread 0x00000208f7498710 Thread added: 0x00000208f7495290
Event: 3.855 Thread 0x00000208f7498710 Thread added: 0x00000208f7498080
Event: 3.892 Thread 0x00000208f7498710 Thread added: 0x00000208f7498da0
Event: 3.915 Thread 0x00000208f7498710 Thread added: 0x00000208f7495920
Event: 5.305 Thread 0x00000208f7498710 Thread added: 0x00000208f7499430


Dynamic libraries:
0x00007ff668a60000 - 0x00007ff668a6e000 	c:\Users\hbj\.vscode\extensions\redhat.java-1.53.0-win32-x64\jre\21.0.10-win32-x86_64\bin\java.exe
0x00007ffaa0080000 - 0x00007ffaa02e7000 	C:\WINDOWS\SYSTEM32\ntdll.dll
0x00007ffa9ede0000 - 0x00007ffa9eea9000 	C:\WINDOWS\System32\KERNEL32.DLL
0x00007ffa9cd40000 - 0x00007ffa9d134000 	C:\WINDOWS\System32\KERNELBASE.dll
0x00007ffa9ca80000 - 0x00007ffa9cbcb000 	C:\WINDOWS\System32\ucrtbase.dll
0x00007ffa80de0000 - 0x00007ffa80df8000 	c:\Users\hbj\.vscode\extensions\redhat.java-1.53.0-win32-x64\jre\21.0.10-win32-x86_64\bin\jli.dll
0x00007ffa7efe0000 - 0x00007ffa7effe000 	c:\Users\hbj\.vscode\extensions\redhat.java-1.53.0-win32-x64\jre\21.0.10-win32-x86_64\bin\VCRUNTIME140.dll
0x00007ffa9f770000 - 0x00007ffa9f935000 	C:\WINDOWS\System32\USER32.dll
0x00007ffa9dba0000 - 0x00007ffa9dbc7000 	C:\WINDOWS\System32\win32u.dll
0x00007ffa805e0000 - 0x00007ffa80873000 	C:\WINDOWS\WinSxS\amd64_microsoft.windows.common-controls_6595b64144ccf1df_6.0.26100.8115_none_3e075c82e3354f9c\COMCTL32.dll
0x00007ffa9eb60000 - 0x00007ffa9eb8b000 	C:\WINDOWS\System32\GDI32.dll
0x00007ffa9ec80000 - 0x00007ffa9ed29000 	C:\WINDOWS\System32\msvcrt.dll
0x00007ffa9c950000 - 0x00007ffa9ca7a000 	C:\WINDOWS\System32\gdi32full.dll
0x00007ffa9d1d0000 - 0x00007ffa9d273000 	C:\WINDOWS\System32\msvcp_win.dll
0x00007ffa9de10000 - 0x00007ffa9de42000 	C:\WINDOWS\System32\IMM32.DLL
0x00007ffa82e30000 - 0x00007ffa82e3c000 	c:\Users\hbj\.vscode\extensions\redhat.java-1.53.0-win32-x64\jre\21.0.10-win32-x86_64\bin\vcruntime140_1.dll
0x00007ffa56e20000 - 0x00007ffa56ead000 	c:\Users\hbj\.vscode\extensions\redhat.java-1.53.0-win32-x64\jre\21.0.10-win32-x86_64\bin\msvcp140.dll
0x00007ff9fad80000 - 0x00007ff9fbb21000 	c:\Users\hbj\.vscode\extensions\redhat.java-1.53.0-win32-x64\jre\21.0.10-win32-x86_64\bin\server\jvm.dll
0x00007ffa9f1b0000 - 0x00007ffa9f266000 	C:\WINDOWS\System32\ADVAPI32.dll
0x00007ffa9ed30000 - 0x00007ffa9edd7000 	C:\WINDOWS\System32\sechost.dll
0x00007ffa9f2a0000 - 0x00007ffa9f3b8000 	C:\WINDOWS\System32\RPCRT4.dll
0x00007ffa9e960000 - 0x00007ffa9e9e0000 	C:\WINDOWS\System32\WS2_32.dll
0x00007ffa9c7b0000 - 0x00007ffa9c80e000 	C:\WINDOWS\SYSTEM32\POWRPROF.dll
0x00007ffa823f0000 - 0x00007ffa82426000 	C:\WINDOWS\SYSTEM32\WINMM.dll
0x00007ffa89920000 - 0x00007ffa8992b000 	C:\WINDOWS\SYSTEM32\VERSION.dll
0x00007ffa9c790000 - 0x00007ffa9c7a4000 	C:\WINDOWS\SYSTEM32\UMPDC.dll
0x00007ffa9b6e0000 - 0x00007ffa9b6fb000 	C:\WINDOWS\SYSTEM32\kernel.appcore.dll
0x00007ffa82d40000 - 0x00007ffa82d4a000 	c:\Users\hbj\.vscode\extensions\redhat.java-1.53.0-win32-x64\jre\21.0.10-win32-x86_64\bin\jimage.dll
0x00007ffa9a530000 - 0x00007ffa9a772000 	C:\WINDOWS\SYSTEM32\DBGHELP.DLL
0x00007ffa9f3c0000 - 0x00007ffa9f742000 	C:\WINDOWS\System32\combase.dll
0x00007ffa9eeb0000 - 0x00007ffa9ef87000 	C:\WINDOWS\System32\OLEAUT32.dll
0x00007ffa86b60000 - 0x00007ffa86b9b000 	C:\WINDOWS\SYSTEM32\dbgcore.DLL
0x00007ffa9d280000 - 0x00007ffa9d325000 	C:\WINDOWS\System32\bcryptPrimitives.dll
0x00007ffa976e0000 - 0x00007ffa976ef000 	c:\Users\hbj\.vscode\extensions\redhat.java-1.53.0-win32-x64\jre\21.0.10-win32-x86_64\bin\instrument.dll
0x00007ffa7e610000 - 0x00007ffa7e630000 	c:\Users\hbj\.vscode\extensions\redhat.java-1.53.0-win32-x64\jre\21.0.10-win32-x86_64\bin\java.dll
0x00007ffa9e070000 - 0x00007ffa9e7d6000 	C:\WINDOWS\System32\SHELL32.dll
0x00007ffa9cbd0000 - 0x00007ffa9cd3a000 	C:\WINDOWS\System32\wintypes.dll
0x00007ffa9d330000 - 0x00007ffa9db95000 	C:\WINDOWS\System32\windows.storage.dll
0x00007ffa9ef90000 - 0x00007ffa9f087000 	C:\WINDOWS\System32\SHCORE.dll
0x00007ffa9ffd0000 - 0x00007ffaa0036000 	C:\WINDOWS\System32\shlwapi.dll
0x00007ffa9c870000 - 0x00007ffa9c899000 	C:\WINDOWS\SYSTEM32\profapi.dll
0x00007ffa7ce10000 - 0x00007ffa7ce28000 	c:\Users\hbj\.vscode\extensions\redhat.java-1.53.0-win32-x64\jre\21.0.10-win32-x86_64\bin\zip.dll
0x00007ffa975b0000 - 0x00007ffa975c0000 	C:\Users\hbj\.vscode\extensions\redhat.java-1.53.0-win32-x64\jre\21.0.10-win32-x86_64\bin\net.dll
0x00007ffa93cc0000 - 0x00007ffa93ded000 	C:\WINDOWS\SYSTEM32\WINHTTP.dll
0x00007ffa9bc50000 - 0x00007ffa9bcbc000 	C:\WINDOWS\system32\mswsock.dll
0x00007ffa8b710000 - 0x00007ffa8b726000 	C:\Users\hbj\.vscode\extensions\redhat.java-1.53.0-win32-x64\jre\21.0.10-win32-x86_64\bin\nio.dll
0x00007ffa8b700000 - 0x00007ffa8b710000 	c:\Users\hbj\.vscode\extensions\redhat.java-1.53.0-win32-x64\jre\21.0.10-win32-x86_64\bin\verify.dll
0x00007ffa87b80000 - 0x00007ffa87bc5000 	C:\Users\hbj\AppData\Roaming\Code\User\globalStorage\redhat.java\1.53.0\config_win\org.eclipse.equinox.launcher\org.eclipse.equinox.launcher.win32.win32.x86_64_1.3.0.v20260203-2149\eclipse_11919.dll
0x00007ffa9ded0000 - 0x00007ffa9e067000 	C:\WINDOWS\System32\ole32.dll
0x00007ffa9bf30000 - 0x00007ffa9bf4b000 	C:\WINDOWS\SYSTEM32\CRYPTSP.dll
0x00007ffa9b640000 - 0x00007ffa9b679000 	C:\WINDOWS\system32\rsaenh.dll
0x00007ffa9bd00000 - 0x00007ffa9bd33000 	C:\WINDOWS\SYSTEM32\USERENV.dll
0x00007ffa9c840000 - 0x00007ffa9c86a000 	C:\WINDOWS\SYSTEM32\bcrypt.dll
0x00007ffa9bf50000 - 0x00007ffa9bf5c000 	C:\WINDOWS\SYSTEM32\CRYPTBASE.dll
0x00007ffa9b060000 - 0x00007ffa9b092000 	C:\WINDOWS\SYSTEM32\IPHLPAPI.DLL
0x00007ffa9f760000 - 0x00007ffa9f76a000 	C:\WINDOWS\System32\NSI.dll
0x00007ffa886b0000 - 0x00007ffa886f9000 	C:\Users\hbj\AppData\Local\Temp\jna-103088\jna10039570591158788821.dll
0x00007ffa9ec70000 - 0x00007ffa9ec78000 	C:\WINDOWS\System32\PSAPI.DLL

JVMTI agents:
c:\Users\hbj\.vscode\extensions\redhat.java-1.53.0-win32-x64\lombok\lombok-1.18.39-4050.jar path:c:\Users\hbj\.vscode\extensions\redhat.java-1.53.0-win32-x64\jre\21.0.10-win32-x86_64\bin\instrument.dll, loaded, initialized, instrumentlib options:none

dbghelp: loaded successfully - version: 4.0.5 - missing functions: none
symbol engine: initialized successfully - sym options: 0x614 - pdb path: .;c:\Users\hbj\.vscode\extensions\redhat.java-1.53.0-win32-x64\jre\21.0.10-win32-x86_64\bin;C:\WINDOWS\SYSTEM32;C:\WINDOWS\WinSxS\amd64_microsoft.windows.common-controls_6595b64144ccf1df_6.0.26100.8115_none_3e075c82e3354f9c;c:\Users\hbj\.vscode\extensions\redhat.java-1.53.0-win32-x64\jre\21.0.10-win32-x86_64\bin\server;C:\Users\hbj\AppData\Roaming\Code\User\globalStorage\redhat.java\1.53.0\config_win\org.eclipse.equinox.launcher\org.eclipse.equinox.launcher.win32.win32.x86_64_1.3.0.v20260203-2149;C:\Users\hbj\AppData\Local\Temp\jna-103088

VM Arguments:
jvm_args: --add-modules=ALL-SYSTEM --add-opens=java.base/java.util=ALL-UNNAMED --add-opens=java.base/java.lang=ALL-UNNAMED --add-opens=java.base/sun.nio.fs=ALL-UNNAMED -Declipse.application=org.eclipse.jdt.ls.core.id1 -Dosgi.bundles.defaultStartLevel=4 -Declipse.product=org.eclipse.jdt.ls.core.product -Djava.import.generatesMetadataFilesAtProjectRoot=false -DDetectVMInstallationsJob.disabled=true -Dfile.encoding=utf8 -XX:+UseParallelGC -XX:GCTimeRatio=4 -XX:AdaptiveSizePolicyWeight=90 -Dsun.zip.disableMemoryMapping=true -Xmx2G -Xms100m -Xlog:disable -javaagent:c:\Users\hbj\.vscode\extensions\redhat.java-1.53.0-win32-x64\lombok\lombok-1.18.39-4050.jar -XX:+HeapDumpOnOutOfMemoryError -XX:HeapDumpPath=c:\Users\hbj\AppData\Roaming\Code\User\workspaceStorage\17d2b9c7fa0ea607dbcfe76e38ce816b\redhat.java -Daether.dependencyCollector.impl=bf 
java_command: c:\Users\hbj\.vscode\extensions\redhat.java-1.53.0-win32-x64\server\plugins\org.eclipse.equinox.launcher_1.7.100.v20251111-0406.jar -configuration c:\Users\hbj\AppData\Roaming\Code\User\globalStorage\redhat.java\1.53.0\config_win -data c:\Users\hbj\AppData\Roaming\Code\User\workspaceStorage\17d2b9c7fa0ea607dbcfe76e38ce816b\redhat.java\jdt_ws --pipe=\\.\pipe\lsp-9060a9f028ecbfec3dd7dce91c875b27-sock
java_class_path (initial): c:\Users\hbj\.vscode\extensions\redhat.java-1.53.0-win32-x64\server\plugins\org.eclipse.equinox.launcher_1.7.100.v20251111-0406.jar
Launcher Type: SUN_STANDARD

[Global flags]
    uintx AdaptiveSizePolicyWeight                 = 90                                        {product} {command line}
     intx CICompilerCount                          = 12                                        {product} {ergonomic}
    uintx GCTimeRatio                              = 4                                         {product} {command line}
     bool HeapDumpOnOutOfMemoryError               = true                                   {manageable} {command line}
    ccstr HeapDumpPath                             = c:\Users\hbj\AppData\Roaming\Code\User\workspaceStorage\17d2b9c7fa0ea607dbcfe76e38ce816b\redhat.java         {manageable} {command line}
   size_t InitialHeapSize                          = 104857600                                 {product} {command line}
   size_t MaxHeapSize                              = 2147483648                                {product} {command line}
   size_t MaxNewSize                               = 715653120                                 {product} {ergonomic}
   size_t MinHeapDeltaBytes                        = 524288                                    {product} {ergonomic}
   size_t MinHeapSize                              = 104857600                                 {product} {command line}
   size_t NewSize                                  = 34603008                                  {product} {ergonomic}
    uintx NonNMethodCodeHeapSize                   = 7602480                                {pd product} {ergonomic}
    uintx NonProfiledCodeHeapSize                  = 122027880                              {pd product} {ergonomic}
   size_t OldSize                                  = 70254592                                  {product} {ergonomic}
    uintx ProfiledCodeHeapSize                     = 122027880                              {pd product} {ergonomic}
    uintx ReservedCodeCacheSize                    = 251658240                              {pd product} {ergonomic}
     bool SegmentedCodeCache                       = true                                      {product} {ergonomic}
   size_t SoftMaxHeapSize                          = 2147483648                             {manageable} {ergonomic}
     bool UseCompressedOops                        = true                           {product lp64_product} {ergonomic}
     bool UseLargePagesIndividualAllocation        = false                                  {pd product} {ergonomic}
     bool UseParallelGC                            = true                                      {product} {command line}

Logging:
Log output configuration:
 #0: stdout all=off uptime,level,tags foldmultilines=false
 #1: stderr all=off uptime,level,tags foldmultilines=false

Release file:
JAVA_VERSION="21.0.10" 
MODULES="java.base java.compiler java.datatransfer java.xml java.prefs java.desktop java.instrument java.logging java.management java.security.sasl java.naming java.rmi java.management.rmi java.net.http java.scripting java.security.jgss java.transaction.xa java.sql java.sql.rowset java.xml.crypto java.se java.smartcardio jdk.accessibility jdk.internal.jvmstat jdk.attach jdk.charsets jdk.internal.opt jdk.zipfs jdk.compiler jdk.crypto.ec jdk.crypto.cryptoki jdk.crypto.mscapi jdk.dynalink jdk.internal.ed jdk.editpad jdk.hotspot.agent jdk.httpserver jdk.internal.le jdk.internal.vm.ci jdk.internal.vm.compiler jdk.internal.vm.compiler.management jdk.jartool jdk.javadoc jdk.jcmd jdk.management jdk.management.agent jdk.jconsole jdk.jdeps jdk.jdwp.agent jdk.jdi jdk.jfr jdk.jshell jdk.jsobject jdk.jstatd jdk.localedata jdk.management.jfr jdk.naming.dns jdk.naming.rmi jdk.net jdk.nio.mapmode jdk.random jdk.sctp jdk.security.auth jdk.security.jgss jdk.unsupported jdk.unsupported.desktop jdk.xml.dom" 

Environment Variables:
CLASSPATH=;%JMETER_HOME%\lib\ext\ApacheJMeter_core.jar;%JMETER_HOME%\lib\jorphan.jar;
PATH=C:\Users\hbj\AppData\Local\Programs\Microsoft VS Code;C:\Program Files\Common Files\Oracle\Java\javapath;C:\Program Files (x86)\Common Files\Oracle\Java\java8path;C:\Program Files (x86)\Common Files\Oracle\Java\javapath;D:\app\hbj\product\11.2.0\client_1;D:\app\hbj\product\11.2.0\dbhome_1\bin;C:\Windows\System32\HWAudioDriverLibs;C:\Windows\system32;C:\Windows;C:\Windows\System32\Wbem;C:\Windows\System32\WindowsPowerShell\v1.0\;C:\Windows\System32\OpenSSH\;C:\Users\Administrator\AppData\Local\Microsoft\WindowsApps;C:\Program Files\MySQL\MySQL Server 6.0\bin;%JMETER_HOME%\bin;C:\Windows\system32\config\systemprofile\AppData\Local\Microsoft\WindowsApps;C:\windows\system32\HWAudioDriver\;C:\Program Files (x86)\Tencent\微信web开发者工具\dll;C:\Pro;ram Files\dotnet\;C:\Program Files (x86)\Windows Kits\8.1\Windows Performance Toolkit\;C:\Users\hbj\Redis-x64-3.0.504;D:\;C:\Program Files\Git\cmd;D:\Program Files\PostgreSQL\18\bin;C:\WINDOWS\system32;C:\WINDOWS;C:\WINDOWS\System32\Wbem;C:\WINDOWS\System32\WindowsPowerShell\v1.0\;C:\WINDOWS\System32\OpenSSH\;C:\Program Files\Docker\Docker\resources\bin;C:\Program Files\MySQL\MySQL Server 8.0\bin;C:\Users\hbj\AppData\Local\Programs\Python\Python37\Scripts\;C:\Users\hbj\AppData\Local\Programs\Python\Python37\;C:\Program Files\MySQL\MySQL Shell 8.0\bin\;C:\Users\hbj\AppData\Local\Microsoft\WindowsApps;C:\Users\蛋卷\AppData\Local\Programs\Microsoft VS Code\bin;C:\mingw64\bin;D:\PyCharm Community Edition 2024.2.4\bin;;D:\IntelliJ IDEA 2023.2\bin;;D:\IntelliJ IDEA Community Edition 2024.1.1\bin;;C:\Users\蛋卷\AppData\Roaming\npm;%DevEco Studio%;C:\Users\hbj\AppData\Roaming\npm;D:\app\cursor\resources\app\bin;C:\Users\hbj\AppData\Local\Programs\Microsoft VS Code\bin;D:\Program Files\PostgreSQL\18\bin;C:\Program Files\MySQL\MySQL Server 8.0\bin;
USERNAME=hbj
OS=Windows_NT
PROCESSOR_IDENTIFIER=Intel64 Family 6 Model 154 Stepping 3, GenuineIntel
TMP=C:\Users\hbj\AppData\Local\Temp
TEMP=C:\Users\hbj\AppData\Local\Temp




Periodic native trim disabled

---------------  S Y S T E M  ---------------

OS:
 Windows 11 , 64 bit Build 26100 (10.0.26100.8115)
OS uptime: 1 days 21:21 hours
Hyper-V role detected

CPU: total 16 (initial active 16) (8 cores per cpu, 2 threads per core) family 6 model 154 stepping 3 microcode 0x41e, cx8, cmov, fxsr, ht, mmx, 3dnowpref, sse, sse2, sse3, ssse3, sse4.1, sse4.2, popcnt, lzcnt, tsc, tscinvbit, avx, avx2, aes, erms, clmul, bmi1, bmi2, adx, sha, fma, vzeroupper, clflush, clflushopt, clwb, hv, serialize, rdtscp, rdpid, fsrm, f16c, cet_ibt, cet_ss
Processor Information for processor 0
  Max Mhz: 2500, Current Mhz: 2500, Mhz Limit: 2500
Processor Information for processor 1
  Max Mhz: 2500, Current Mhz: 2500, Mhz Limit: 2500
Processor Information for processor 2
  Max Mhz: 2500, Current Mhz: 2500, Mhz Limit: 2500
Processor Information for processor 3
  Max Mhz: 2500, Current Mhz: 2500, Mhz Limit: 2500
Processor Information for processor 4
  Max Mhz: 2500, Current Mhz: 2500, Mhz Limit: 2500
Processor Information for processor 5
  Max Mhz: 2500, Current Mhz: 2500, Mhz Limit: 2500
Processor Information for processor 6
  Max Mhz: 2500, Current Mhz: 2500, Mhz Limit: 2500
Processor Information for processor 7
  Max Mhz: 2500, Current Mhz: 2500, Mhz Limit: 2500
Processor Information for processor 8
  Max Mhz: 2500, Current Mhz: 1500, Mhz Limit: 1800
Processor Information for processor 9
  Max Mhz: 2500, Current Mhz: 1500, Mhz Limit: 1800
Processor Information for processor 10
  Max Mhz: 2500, Current Mhz: 1500, Mhz Limit: 1800
Processor Information for processor 11
  Max Mhz: 2500, Current Mhz: 1800, Mhz Limit: 1800
Processor Information for processor 12
  Max Mhz: 2500, Current Mhz: 1500, Mhz Limit: 1800
Processor Information for processor 13
  Max Mhz: 2500, Current Mhz: 1800, Mhz Limit: 1800
Processor Information for processor 14
  Max Mhz: 2500, Current Mhz: 1500, Mhz Limit: 1800
Processor Information for processor 15
  Max Mhz: 2500, Current Mhz: 1800, Mhz Limit: 1800

Memory: 4k page, system-wide physical 16108M (556M free)
TotalPageFile size 52873M (AvailPageFile size 25M)
current process WorkingSet (physical memory assigned to process): 166M, peak: 171M
current process commit charge ("private bytes"): 312M, peak: 317M

vm_info: OpenJDK 64-Bit Server VM (21.0.10+7-LTS) for windows-amd64 JRE (21.0.10+7-LTS), built on 2026-01-20T00:00:00Z by "admin" with MS VC++ 17.12 (VS2022)

END.
